
> seringal-fazenda-paraiso@1.0.0 build
> next build

