
> seringal-fazenda-paraiso@1.0.0 build
> next build

node.exe : ÔÜá 
`eslint` 
configuration in 
next.config.ts is no 
longer supported. 
See more info here: h
ttps://nextjs.org/doc
s/app/api-reference/c
li/next#next-lint-opt
ions
No linha:1 
caractere:1
+ & "C:\Program Files
\nodejs/node.exe" 
"C:\Program 
Files\nodejs/node_mo 
...
+ ~~~~~~~~~~~~~~~~~~~
~~~~~~~~~~~~~~~~~~~~~
~~~~~~~~~~~~~~~~~~~~~
~~~~~~~~
    + CategoryInfo   
           : NotSpe  
  cified: (ÔÜá `es   
 lint` co...xt-li    
nt-options:Strin    
g) [], RemoteExc    
eption
    + FullyQualified 
   ErrorId : Native  
  CommandError
 
ÔÜá Invalid 
next.config.ts 
options detected: 
ÔÜá     Unrecognized 
key(s) in object: 
'eslint'
ÔÜá See more info 
here: https://nextjs.
org/docs/messages/inv
alid-next-config
ÔÜá Warning: Next.js 
inferred your 
workspace root, but 
it may not be 
correct.
 We detected 
multiple lockfiles 
and selected the 
directory of C:\Users
\PATRICK\package-lock
.json as the root 
directory.
 To silence this 
warning, set 
`turbopack.root` in 
your Next.js config, 
or consider removing 
one of the lockfiles 
if it's not needed.
   See https://nextjs
.org/docs/app/api-ref
erence/config/next-co
nfig-js/turbopack#roo
t-directory for more 
information.
 Detected additional 
lockfiles: 
   * C:\Users\PATRICK
\OneDrive\Documentos\
Desktop\codigo 
app\pnpm-lock.yaml

Ôû▓ Next.js 16.1.1 (Turbopack)
- Environments: .env.local

  Creating an optimized production build ...

> Build error 
occurred
Error: Turbopack 
build failed with 1 
errors:
./OneDrive/Documentos
/Desktop/codigo app/a
pp/globals.css:2425:2
0
Parsing CSS source 
code failed
[0m [90m 2423 
|[39m   }
 [90m 2424 |[39m [
33m.[39m[37m[41m[
1m\[22m[49m[39m[[
33m--[39mcell[33m-
[39msize[37m[41m[1
m\[22m[49m[39m[33
m:[39m[33m--[39msp
acing[37m[41m[1m\
[22m[49m[39m([35m8
[39m[37m[41m[1m\
[22m[49m[39m)[37m
[41m[1m\[22m[49m[
39m] {
[31m[1m>[22m[39m
[90m 2425 |[39m   [
33m--[39mcell[33m-
[39msize[33m:[39m 
[36mvar[39m([33m--
[39mspacing([35m8[3
9m))[33m;[39m
 [90m      |[39m   
                 
[31m[1m^[22m[39m
 [90m 2426 |[39m }
 [90m 2427 |[39m [
33m.[39m[37m[41m[
1m\[22m[49m[39m[an
imation[33m-[39mdel
ay[37m[41m[1m\[22
m[49m[39m[33m:[39
m[33m-[39m[35m0[3
9m[37m[41m[1m\[22
m[49m[39m[35m.15[
39ms[37m[41m[1m\[
22m[49m[39m] {
 [90m 2428 |[39m   
animation[33m-[39md
elay[33m:[39m [33m
-[39m[35m0.15[39ms
[33m;[39m[0m

Unexpected token 
Function("--spacing")

Import trace:
  Client Component 
Browser:
    ./OneDrive/Docume
ntos/Desktop/codigo 
app/app/globals.css 
[Client Component 
Browser]
    ./OneDrive/Docume
ntos/Desktop/codigo 
app/app/layout.tsx 
[Server Component]


    at <unknown> (./O
neDrive/Documentos/De
sktop/codigo app/app/
globals.css:2425:20)
